../Core/Src/main.c:86:5:main	8	static
../Core/Src/main.c:142:6:SystemClock_Config	88	static
../Core/Src/main.c:189:13:MX_ADC1_Init	24	static
../Core/Src/main.c:241:13:MX_TIM1_Init	32	static
../Core/Src/main.c:287:13:MX_TIM2_Init	32	static
../Core/Src/main.c:332:13:MX_TIM3_Init	32	static
../Core/Src/main.c:377:13:MX_USART2_UART_Init	8	static
../Core/Src/main.c:408:13:MX_DMA_Init	16	static
../Core/Src/main.c:426:13:MX_GPIO_Init	48	static
../Core/Src/main.c:459:6:HAL_ADC_ConvCpltCallback	40	static
../Core/Src/main.c:475:1:HAL_TIM_PeriodElapsedCallback	40	static
../Core/Src/main.c:493:6:Error_Handler	4	static,ignoring_inline_asm
