../Core/Src/main.c:102:1:HAL_TIM_PeriodElapsedCallback	16	static
../Core/Src/main.c:127:5:main	8	static
../Core/Src/main.c:178:6:SystemClock_Config	88	static
../Core/Src/main.c:225:13:MX_SPI1_Init	8	static
../Core/Src/main.c:263:13:MX_TIM2_Init	32	static
../Core/Src/main.c:308:13:MX_TIM3_Init	32	static
../Core/Src/main.c:353:13:MX_USART2_UART_Init	8	static
../Core/Src/main.c:384:13:MX_DMA_Init	16	static
../Core/Src/main.c:402:13:MX_GPIO_Init	48	static
../Core/Src/main.c:442:6:Error_Handler	4	static,ignoring_inline_asm
