../Core/Src/main.c:95:1:HAL_I2C_MasterTxCpltCallback	16	static
../Core/Src/main.c:102:1:HAL_I2C_MasterRxCpltCallback	72	static
../Core/Src/main.c:114:1:HAL_TIM_PeriodElapsedCallback	24	static
../Core/Src/main.c:130:5:main	16	static
../Core/Src/main.c:195:6:SystemClock_Config	88	static
../Core/Src/main.c:242:13:MX_I2C1_Init	8	static
../Core/Src/main.c:276:13:MX_TIM2_Init	32	static
../Core/Src/main.c:321:13:MX_USART2_UART_Init	8	static
../Core/Src/main.c:352:13:MX_DMA_Init	16	static
../Core/Src/main.c:376:13:MX_GPIO_Init	48	static
../Core/Src/main.c:416:6:Error_Handler	4	static,ignoring_inline_asm
