../Core/Src/main.c:109:6:set_note	48	static
../Core/Src/main.c:133:6:start_note	8	static
../Core/Src/main.c:143:6:stop_note	8	static
../Core/Src/main.c:155:6:HAL_GPIO_EXTI_Callback	16	static
../Core/Src/main.c:162:6:HAL_TIM_PeriodElapsedCallback	16	static
../Core/Src/main.c:175:5:main	8	static
../Core/Src/main.c:228:6:SystemClock_Config	88	static
../Core/Src/main.c:275:13:MX_TIM1_Init	96	static
../Core/Src/main.c:350:13:MX_TIM2_Init	64	static
../Core/Src/main.c:409:13:MX_USART2_UART_Init	8	static
../Core/Src/main.c:442:13:MX_GPIO_Init	48	static
../Core/Src/main.c:492:6:Error_Handler	4	static,ignoring_inline_asm
