../Core/Src/main.c:81:1:HAL_I2C_MasterRxCpltCallback	32	static
../Core/Src/main.c:112:1:HAL_TIM_PeriodElapsedCallback	16	static
../Core/Src/main.c:124:5:main	16	static
../Core/Src/main.c:178:6:SystemClock_Config	88	static
../Core/Src/main.c:225:13:MX_I2C1_Init	8	static
../Core/Src/main.c:259:13:MX_TIM2_Init	32	static
../Core/Src/main.c:304:13:MX_USART2_UART_Init	8	static
../Core/Src/main.c:335:13:MX_DMA_Init	16	static
../Core/Src/main.c:359:13:MX_GPIO_Init	48	static
../Core/Src/main.c:399:6:Error_Handler	4	static,ignoring_inline_asm
