../Core/Src/main.c:101:6:HAL_UART_RxCpltCallback	16	static
../Core/Src/main.c:118:1:HAL_TIM_PeriodElapsedCallback	16	static
../Core/Src/main.c:138:5:main	8	static
../Core/Src/main.c:190:6:SystemClock_Config	88	static
../Core/Src/main.c:237:13:MX_SPI1_Init	8	static
../Core/Src/main.c:275:13:MX_TIM2_Init	32	static
../Core/Src/main.c:320:13:MX_TIM3_Init	32	static
../Core/Src/main.c:365:13:MX_USART1_UART_Init	8	static
../Core/Src/main.c:398:13:MX_USART2_UART_Init	8	static
../Core/Src/main.c:429:13:MX_DMA_Init	16	static
../Core/Src/main.c:454:13:MX_GPIO_Init	48	static
../Core/Src/main.c:494:6:Error_Handler	4	static,ignoring_inline_asm
