../Core/Src/main.c:77:1:HAL_I2C_MasterRxCpltCallback	24	static
../Core/Src/main.c:97:1:HAL_TIM_PeriodElapsedCallback	16	static
../Core/Src/main.c:110:5:main	8	static
../Core/Src/main.c:159:6:SystemClock_Config	88	static
../Core/Src/main.c:206:13:MX_I2C1_Init	8	static
../Core/Src/main.c:240:13:MX_TIM2_Init	32	static
../Core/Src/main.c:285:13:MX_USART2_UART_Init	8	static
../Core/Src/main.c:316:13:MX_DMA_Init	16	static
../Core/Src/main.c:337:13:MX_GPIO_Init	48	static
../Core/Src/main.c:377:6:Error_Handler	4	static,ignoring_inline_asm
