../Core/Src/main.c:80:6:convert	24	static
../Core/Src/main.c:93:6:HAL_ADC_ConvHalfCpltCallback	24	static
../Core/Src/main.c:100:6:HAL_ADC_ConvCpltCallback	24	static
../Core/Src/main.c:115:5:main	8	static
../Core/Src/main.c:164:6:SystemClock_Config	88	static
../Core/Src/main.c:211:13:MX_ADC1_Init	24	static
../Core/Src/main.c:263:13:MX_TIM2_Init	32	static
../Core/Src/main.c:308:13:MX_USART2_UART_Init	8	static
../Core/Src/main.c:339:13:MX_DMA_Init	16	static
../Core/Src/main.c:361:13:MX_GPIO_Init	48	static
../Core/Src/main.c:401:6:Error_Handler	4	static,ignoring_inline_asm
