../Core/Src/main.c:92:1:HAL_I2C_MasterTxCpltCallback	16	static
../Core/Src/main.c:100:1:HAL_I2C_MasterRxCpltCallback	16	static
../Core/Src/main.c:108:1:HAL_TIM_PeriodElapsedCallback	80	static
../Core/Src/main.c:131:5:main	24	static
../Core/Src/main.c:194:6:SystemClock_Config	88	static
../Core/Src/main.c:241:13:MX_I2C1_Init	8	static
../Core/Src/main.c:275:13:MX_TIM2_Init	32	static
../Core/Src/main.c:320:13:MX_USART2_UART_Init	8	static
../Core/Src/main.c:351:13:MX_DMA_Init	16	static
../Core/Src/main.c:369:13:MX_GPIO_Init	48	static
../Core/Src/main.c:409:6:Error_Handler	4	static,ignoring_inline_asm
